// Jest Snapshot v1, https://goo.gl/fbAQLP

exports[`Desktop::System all unsupported instance methods defined 1`] = `Array []`;

exports[`Desktop::System all unsupported static methods defined 1`] = `
Array [
  "addEventListener",
  "clearCache",
  "deleteCacheOnExit",
  "downloadAsset",
  "downloadPreloadScripts",
  "downloadRuntime",
  "exit",
  "flushCookieStore",
  "getAllApplications",
  "getAllExternalApplications",
  "getAllWindows",
  "getAppAssetInfo",
  "getCommandLineArguments",
  "getCookies",
  "getCrashReporterState",
  "getDeviceUserId",
  "getEntityInfo",
  "getEnvironmentVariable",
  "getFocusedWindow",
  "getLog",
  "getLogList",
  "getMachineId",
  "getMinLogLevel",
  "getMousePosition",
  "getProcessList",
  "getProxySettings",
  "getRuntimeInfo",
  "getRvmInfo",
  "log",
  "monitorExternalProcess",
  "openUrlWithBrowser",
  "readRegistryValue",
  "registerExternalConnection",
  "releaseExternalProcess",
  "removeEventListener",
  "setMinLogLevel",
  "showDeveloperTools",
  "startCrashReporter",
  "terminateExternalProcess",
  "updateProxySettings",
]
`;
