// Jest Snapshot v1, https://goo.gl/fbAQLP

exports[`Desktop::Window all unsupported instance methods defined 1`] = `
Array [
  "addListener",
  "animate",
  "authenticate",
  "blur",
  "bringToFront",
  "disableUserMovement",
  "enableUserMovement",
  "executeJavaScript",
  "flash",
  "focus",
  "getAllFrames",
  "getGroup",
  "getInfo",
  "getNativeId",
  "getOptions",
  "getParentApplication",
  "getState",
  "getWebWindow",
  "getZoomLevel",
  "hide",
  "isMainWindow",
  "isShowing",
  "joinGroup",
  "leaveGroup",
  "maximize",
  "mergeGroups",
  "minimize",
  "moveBy",
  "moveTo",
  "navigate",
  "navigateBack",
  "navigateForward",
  "on",
  "once",
  "prependListener",
  "prependOnceListener",
  "reload",
  "removeAllListeners",
  "removeListener",
  "resizeBy",
  "resizeTo",
  "restore",
  "setAsForeground",
  "setBounds",
  "setZoomLevel",
  "show",
  "showAt",
  "showDeveloperTools",
  "stopFlashing",
  "stopNavigation",
  "updateOptions",
]
`;

exports[`Desktop::Window all unsupported static methods defined 1`] = `
Array [
  "wrap",
]
`;
